// Jest Snapshot v1, https://goo.gl/fbAQLP

exports[`Button always renders a button tag 1`] = `
<div>
  <button
    className="Button ButtonPrimary ButtonFullWidth"
  />
</div>
`;
